INFO:werkzeug:[31m[1mWARNING: This is a development server. Do not use it in a production deployment. Use a production WSGI server instead.[0m
 * Running on http://127.0.0.1:5000
INFO:werkzeug:[33mPress CTRL+C to quit[0m
INFO:werkzeug: * Restarting with watchdog (windowsapi)
WARNING:werkzeug: * Debugger is active!
INFO:werkzeug: * Debugger PIN: 101-574-056
INFO:werkzeug: * Detected change in 'D:\\anaconda\\pkgs\\archspec-0.2.3-pyhd3eb1b0_0\\info\\test\\run_test.py', reloading
INFO:werkzeug: * Detected change in 'D:\\anaconda\\pkgs\\archspec-0.2.3-pyhd3eb1b0_0\\site-packages\\archspec\\cpu\\alias.py', reloading
INFO:werkzeug: * Detected change in 'D:\\anaconda\\pkgs\\archspec-0.2.3-pyhd3eb1b0_0\\site-packages\\archspec\\cpu\\detect.py', reloading
INFO:werkzeug: * Detected change in 'D:\\anaconda\\pkgs\\archspec-0.2.3-pyhd3eb1b0_0\\site-packages\\archspec\\cpu\\schema.py', reloading
INFO:werkzeug: * Detected change in 'D:\\anaconda\\pkgs\\archspec-0.2.3-pyhd3eb1b0_0\\site-packages\\archspec\\cpu\\alias.py', reloading
INFO:werkzeug: * Detected change in 'D:\\anaconda\\pkgs\\archspec-0.2.3-pyhd3eb1b0_0\\site-packages\\archspec\\cpu\\microarchitecture.py', reloading
INFO:werkzeug: * Detected change in 'D:\\anaconda\\pkgs\\archspec-0.2.3-pyhd3eb1b0_0\\site-packages\\archspec\\cpu\\__init__.py', reloading
INFO:werkzeug: * Detected change in 'D:\\anaconda\\pkgs\\archspec-0.2.3-pyhd3eb1b0_0\\site-packages\\archspec\\cpu\\detect.py', reloading
INFO:werkzeug: * Detected change in 'D:\\anaconda\\pkgs\\archspec-0.2.3-pyhd3eb1b0_0\\site-packages\\archspec\\cpu\\schema.py', reloading
INFO:werkzeug: * Detected change in 'D:\\anaconda\\pkgs\\archspec-0.2.3-pyhd3eb1b0_0\\site-packages\\archspec\\cpu\\microarchitecture.py', reloading
INFO:werkzeug: * Detected change in 'D:\\anaconda\\pkgs\\archspec-0.2.3-pyhd3eb1b0_0\\site-packages\\archspec\\cpu\\__init__.py', reloading
INFO:werkzeug: * Detected change in 'D:\\anaconda\\pkgs\\archspec-0.2.3-pyhd3eb1b0_0\\site-packages\\archspec\\cpu\\alias.py', reloading
INFO:werkzeug: * Detected change in 'D:\\anaconda\\pkgs\\archspec-0.2.3-pyhd3eb1b0_0\\site-packages\\archspec\\cpu\\schema.py', reloading
INFO:werkzeug: * Detected change in 'D:\\anaconda\\pkgs\\archspec-0.2.3-pyhd3eb1b0_0\\site-packages\\archspec\\cpu\\__init__.py', reloading
INFO:werkzeug: * Detected change in 'D:\\anaconda\\pkgs\\archspec-0.2.3-pyhd3eb1b0_0\\site-packages\\archspec\\cpu\\detect.py', reloading
INFO:werkzeug: * Detected change in 'D:\\anaconda\\pkgs\\archspec-0.2.3-pyhd3eb1b0_0\\site-packages\\archspec\\cpu\\microarchitecture.py', reloading
INFO:werkzeug: * Detected change in 'D:\\anaconda\\pkgs\\archspec-0.2.3-pyhd3eb1b0_0\\site-packages\\archspec\\cli.py', reloading
INFO:werkzeug: * Detected change in 'D:\\anaconda\\pkgs\\archspec-0.2.3-pyhd3eb1b0_0\\site-packages\\archspec\\cli.py', reloading
INFO:werkzeug: * Detected change in 'D:\\anaconda\\pkgs\\archspec-0.2.3-pyhd3eb1b0_0\\site-packages\\archspec\\vendor\\cpuid\\cpuid.py', reloading
INFO:werkzeug: * Detected change in 'D:\\anaconda\\pkgs\\archspec-0.2.3-pyhd3eb1b0_0\\site-packages\\archspec\\vendor\\cpuid\\cpuid.py', reloading
INFO:werkzeug: * Detected change in 'D:\\anaconda\\pkgs\\archspec-0.2.3-pyhd3eb1b0_0\\site-packages\\archspec\\vendor\\cpuid\\example.py', reloading
INFO:werkzeug: * Detected change in 'D:\\anaconda\\pkgs\\archspec-0.2.3-pyhd3eb1b0_0\\site-packages\\archspec\\__init__.py', reloading
INFO:werkzeug: * Detected change in 'D:\\anaconda\\pkgs\\archspec-0.2.3-pyhd3eb1b0_0\\site-packages\\archspec\\__main__.py', reloading
INFO:werkzeug: * Detected change in 'D:\\anaconda\\pkgs\\archspec-0.2.3-pyhd3eb1b0_0\\site-packages\\archspec\\__init__.py', reloading
INFO:werkzeug: * Detected change in 'D:\\anaconda\\pkgs\\archspec-0.2.3-pyhd3eb1b0_0\\site-packages\\archspec\\vendor\\cpuid\\example.py', reloading
INFO:werkzeug: * Detected change in 'D:\\anaconda\\pkgs\\archspec-0.2.3-pyhd3eb1b0_0\\site-packages\\archspec\\__main__.py', reloading
INFO:werkzeug: * Restarting with watchdog (windowsapi)
WARNING:werkzeug: * Debugger is active!
INFO:werkzeug: * Debugger PIN: 101-574-056
INFO:werkzeug: * Detected change in 'D:\\anaconda\\pkgs\\nbclassic-1.1.0-pyhd8ed1ab_0\\site-packages\\nbclassic\\bundler\\tests\\test_bundler_api.py', reloading
INFO:werkzeug: * Detected change in 'D:\\anaconda\\pkgs\\nbclassic-1.1.0-pyhd8ed1ab_0\\site-packages\\nbclassic\\bundler\\tests\\test_bundler_tools.py', reloading
INFO:werkzeug: * Detected change in 'D:\\anaconda\\pkgs\\nbclassic-1.1.0-pyhd8ed1ab_0\\site-packages\\nbclassic\\bundler\\tests\\test_bundler_api.py', reloading
INFO:werkzeug: * Detected change in 'D:\\anaconda\\pkgs\\nbclassic-1.1.0-pyhd8ed1ab_0\\site-packages\\nbclassic\\bundler\\tests\\test_bundler_tools.py', reloading
INFO:werkzeug: * Detected change in 'D:\\anaconda\\pkgs\\nbclassic-1.1.0-pyhd8ed1ab_0\\site-packages\\nbclassic\\bundler\\tests\\test_bundlerextension.py', reloading
INFO:werkzeug: * Detected change in 'D:\\anaconda\\pkgs\\nbclassic-1.1.0-pyhd8ed1ab_0\\site-packages\\nbclassic\\bundler\\tests\\test_bundlerextension.py', reloading
INFO:werkzeug: * Detected change in 'D:\\anaconda\\pkgs\\nbclassic-1.1.0-pyhd8ed1ab_0\\site-packages\\nbclassic\\bundler\\tools.py', reloading
INFO:werkzeug: * Detected change in 'D:\\anaconda\\pkgs\\nbclassic-1.1.0-pyhd8ed1ab_0\\site-packages\\nbclassic\\bundler\\tools.py', reloading
INFO:werkzeug: * Detected change in 'D:\\anaconda\\pkgs\\nbclassic-1.1.0-pyhd8ed1ab_0\\site-packages\\nbclassic\\bundler\\tests\\test_bundler_tools.py', reloading
INFO:werkzeug: * Detected change in 'D:\\anaconda\\pkgs\\nbclassic-1.1.0-pyhd8ed1ab_0\\site-packages\\nbclassic\\bundler\\tests\\test_bundlerextension.py', reloading
INFO:werkzeug: * Detected change in 'D:\\anaconda\\pkgs\\nbclassic-1.1.0-pyhd8ed1ab_0\\site-packages\\nbclassic\\bundler\\__main__.py', reloading
INFO:werkzeug: * Detected change in 'D:\\anaconda\\pkgs\\nbclassic-1.1.0-pyhd8ed1ab_0\\site-packages\\nbclassic\\bundler\\handlers.py', reloading
INFO:werkzeug: * Detected change in 'D:\\anaconda\\pkgs\\nbclassic-1.1.0-pyhd8ed1ab_0\\site-packages\\nbclassic\\bundler\\__main__.py', reloading
INFO:werkzeug: * Detected change in 'D:\\anaconda\\pkgs\\nbclassic-1.1.0-pyhd8ed1ab_0\\site-packages\\nbclassic\\bundler\\zip_bundler.py', reloading
INFO:werkzeug: * Detected change in 'D:\\anaconda\\pkgs\\nbclassic-1.1.0-pyhd8ed1ab_0\\site-packages\\nbclassic\\bundler\\tarball_bundler.py', reloading
INFO:werkzeug: * Detected change in 'D:\\anaconda\\pkgs\\nbclassic-1.1.0-pyhd8ed1ab_0\\site-packages\\nbclassic\\bundler\\handlers.py', reloading
INFO:werkzeug: * Detected change in 'D:\\anaconda\\pkgs\\nbclassic-1.1.0-pyhd8ed1ab_0\\site-packages\\nbclassic\\bundler\\zip_bundler.py', reloading
INFO:werkzeug: * Detected change in 'D:\\anaconda\\pkgs\\nbclassic-1.1.0-pyhd8ed1ab_0\\site-packages\\nbclassic\\bundler\\tarball_bundler.py', reloading
INFO:werkzeug: * Detected change in 'D:\\anaconda\\pkgs\\nbclassic-1.1.0-pyhd8ed1ab_0\\site-packages\\nbclassic\\bundler\\tools.py', reloading
INFO:werkzeug: * Detected change in 'D:\\anaconda\\pkgs\\nbclassic-1.1.0-pyhd8ed1ab_0\\site-packages\\nbclassic\\bundler\\__main__.py', reloading
INFO:werkzeug: * Detected change in 'D:\\anaconda\\pkgs\\nbclassic-1.1.0-pyhd8ed1ab_0\\site-packages\\nbclassic\\bundler\\tests\\test_bundler_api.py', reloading
INFO:werkzeug: * Detected change in 'D:\\anaconda\\pkgs\\nbclassic-1.1.0-pyhd8ed1ab_0\\site-packages\\nbclassic\\bundler\\handlers.py', reloading
INFO:werkzeug: * Detected change in 'D:\\anaconda\\pkgs\\nbclassic-1.1.0-pyhd8ed1ab_0\\site-packages\\nbclassic\\bundler\\zip_bundler.py', reloading
INFO:werkzeug: * Detected change in 'D:\\anaconda\\pkgs\\nbclassic-1.1.0-pyhd8ed1ab_0\\site-packages\\nbclassic\\bundler\\tarball_bundler.py', reloading
INFO:werkzeug: * Detected change in 'D:\\anaconda\\pkgs\\nbclassic-1.1.0-pyhd8ed1ab_0\\site-packages\\nbclassic\\bundler\\bundlerextensions.py', reloading
INFO:werkzeug: * Detected change in 'D:\\anaconda\\pkgs\\nbclassic-1.1.0-pyhd8ed1ab_0\\site-packages\\nbclassic\\bundler\\bundlerextensions.py', reloading
INFO:werkzeug: * Detected change in 'D:\\anaconda\\pkgs\\nbclassic-1.1.0-pyhd8ed1ab_0\\site-packages\\nbclassic\\shim.py', reloading
INFO:werkzeug: * Detected change in 'D:\\anaconda\\pkgs\\nbclassic-1.1.0-pyhd8ed1ab_0\\site-packages\\nbclassic\\shim.py', reloading
INFO:werkzeug: * Detected change in 'D:\\anaconda\\pkgs\\nbclassic-1.1.0-pyhd8ed1ab_0\\site-packages\\nbclassic\\notebook\\handlers.py', reloading
INFO:werkzeug: * Detected change in 'D:\\anaconda\\pkgs\\nbclassic-1.1.0-pyhd8ed1ab_0\\site-packages\\nbclassic\\terminal\\handlers.py', reloading
INFO:werkzeug: * Detected change in 'D:\\anaconda\\pkgs\\nbclassic-1.1.0-pyhd8ed1ab_0\\site-packages\\nbclassic\\notebook\\handlers.py', reloading
INFO:werkzeug: * Detected change in 'D:\\anaconda\\pkgs\\nbclassic-1.1.0-pyhd8ed1ab_0\\site-packages\\nbclassic\\terminal\\handlers.py', reloading
INFO:werkzeug: * Detected change in 'D:\\anaconda\\pkgs\\nbclassic-1.1.0-pyhd8ed1ab_0\\site-packages\\nbclassic\\jstest.py', reloading
INFO:werkzeug: * Detected change in 'D:\\anaconda\\pkgs\\nbclassic-1.1.0-pyhd8ed1ab_0\\site-packages\\nbclassic\\jstest.py', reloading
INFO:werkzeug: * Detected change in 'D:\\anaconda\\pkgs\\nbclassic-1.1.0-pyhd8ed1ab_0\\site-packages\\nbclassic\\shim.py', reloading
INFO:werkzeug: * Detected change in 'D:\\anaconda\\pkgs\\nbclassic-1.1.0-pyhd8ed1ab_0\\site-packages\\nbclassic\\traits.py', reloading
INFO:werkzeug: * Detected change in 'D:\\anaconda\\pkgs\\nbclassic-1.1.0-pyhd8ed1ab_0\\site-packages\\nbclassic\\__init__.py', reloading
INFO:werkzeug: * Detected change in 'D:\\anaconda\\pkgs\\nbclassic-1.1.0-pyhd8ed1ab_0\\site-packages\\nbclassic\\traits.py', reloading
INFO:werkzeug: * Detected change in 'D:\\anaconda\\pkgs\\nbclassic-1.1.0-pyhd8ed1ab_0\\site-packages\\nbclassic\\__init__.py', reloading
INFO:werkzeug: * Detected change in 'D:\\anaconda\\pkgs\\nbclassic-1.1.0-pyhd8ed1ab_0\\site-packages\\nbclassic\\__main__.py', reloading
INFO:werkzeug: * Detected change in 'D:\\anaconda\\pkgs\\nbclassic-1.1.0-pyhd8ed1ab_0\\site-packages\\nbclassic\\__main__.py', reloading
INFO:werkzeug: * Detected change in 'D:\\anaconda\\pkgs\\nbclassic-1.1.0-pyhd8ed1ab_0\\site-packages\\nbclassic\\jstest.py', reloading
INFO:werkzeug: * Detected change in 'D:\\anaconda\\pkgs\\nbclassic-1.1.0-pyhd8ed1ab_0\\site-packages\\nbclassic\\terminal\\handlers.py', reloading
INFO:werkzeug: * Detected change in 'D:\\anaconda\\pkgs\\nbclassic-1.1.0-pyhd8ed1ab_0\\site-packages\\nbclassic\\_sysinfo.py', reloading
INFO:werkzeug: * Detected change in 'D:\\anaconda\\pkgs\\nbclassic-1.1.0-pyhd8ed1ab_0\\site-packages\\nbclassic\\bundler\\bundlerextensions.py', reloading
INFO:werkzeug: * Detected change in 'D:\\anaconda\\pkgs\\nbclassic-1.1.0-pyhd8ed1ab_0\\site-packages\\nbclassic\\_sysinfo.py', reloading
INFO:werkzeug: * Detected change in 'D:\\anaconda\\pkgs\\nbclassic-1.1.0-pyhd8ed1ab_0\\site-packages\\nbclassic\\_version.py', reloading
INFO:werkzeug: * Detected change in 'D:\\anaconda\\pkgs\\nbclassic-1.1.0-pyhd8ed1ab_0\\site-packages\\nbclassic\\_version.py', reloading
INFO:werkzeug: * Detected change in 'D:\\anaconda\\pkgs\\nbclassic-1.1.0-pyhd8ed1ab_0\\site-packages\\nbclassic\\__main__.py', reloading
INFO:werkzeug: * Detected change in 'D:\\anaconda\\pkgs\\nbclassic-1.1.0-pyhd8ed1ab_0\\site-packages\\nbclassic\\traits.py', reloading
INFO:werkzeug: * Detected change in 'D:\\anaconda\\pkgs\\nbclassic-1.1.0-pyhd8ed1ab_0\\site-packages\\nbclassic\\extensions.py', reloading
INFO:werkzeug: * Detected change in 'D:\\anaconda\\pkgs\\nbclassic-1.1.0-pyhd8ed1ab_0\\site-packages\\nbclassic\\transutils.py', reloading
INFO:werkzeug: * Detected change in 'D:\\anaconda\\pkgs\\nbclassic-1.1.0-pyhd8ed1ab_0\\site-packages\\nbclassic\\extensions.py', reloading
INFO:werkzeug: * Detected change in 'D:\\anaconda\\pkgs\\nbclassic-1.1.0-pyhd8ed1ab_0\\site-packages\\nbclassic\\transutils.py', reloading
INFO:werkzeug: * Detected change in 'D:\\anaconda\\pkgs\\nbclassic-1.1.0-pyhd8ed1ab_0\\site-packages\\nbclassic\\notebookapp.py', reloading
INFO:werkzeug: * Detected change in 'D:\\anaconda\\pkgs\\nbclassic-1.1.0-pyhd8ed1ab_0\\site-packages\\nbclassic\\notebookapp.py', reloading
INFO:werkzeug: * Detected change in 'D:\\anaconda\\pkgs\\nbclassic-1.1.0-pyhd8ed1ab_0\\site-packages\\nbclassic\\_sysinfo.py', reloading
INFO:werkzeug: * Detected change in 'D:\\anaconda\\pkgs\\nbclassic-1.1.0-pyhd8ed1ab_0\\site-packages\\nbclassic\\_version.py', reloading
INFO:werkzeug: * Detected change in 'D:\\anaconda\\pkgs\\nbclassic-1.1.0-pyhd8ed1ab_0\\site-packages\\nbclassic\\nbextensions.py', reloading
INFO:werkzeug: * Detected change in 'D:\\anaconda\\pkgs\\nbclassic-1.1.0-pyhd8ed1ab_0\\site-packages\\nbclassic\\nbextensions.py', reloading
INFO:werkzeug: * Detected change in 'D:\\anaconda\\pkgs\\nbclassic-1.1.0-pyhd8ed1ab_0\\site-packages\\nbclassic\\shim_notebook.py', reloading
INFO:werkzeug: * Detected change in 'D:\\anaconda\\pkgs\\nbclassic-1.1.0-pyhd8ed1ab_0\\site-packages\\nbclassic\\transutils.py', reloading
INFO:werkzeug: * Detected change in 'D:\\anaconda\\pkgs\\nbclassic-1.1.0-pyhd8ed1ab_0\\site-packages\\nbclassic\\config_manager.py', reloading
INFO:werkzeug: * Detected change in 'D:\\anaconda\\pkgs\\nbclassic-1.1.0-pyhd8ed1ab_0\\site-packages\\nbclassic\\serverextensions.py', reloading
INFO:werkzeug: * Detected change in 'D:\\anaconda\\pkgs\\nbclassic-1.1.0-pyhd8ed1ab_0\\site-packages\\nbclassic\\shim_notebook.py', reloading
INFO:werkzeug: * Detected change in 'D:\\anaconda\\pkgs\\nbclassic-1.1.0-pyhd8ed1ab_0\\site-packages\\nbclassic\\notebook\\handlers.py', reloading
INFO:werkzeug: * Detected change in 'D:\\anaconda\\pkgs\\nbclassic-1.1.0-pyhd8ed1ab_0\\site-packages\\nbclassic\\config_manager.py', reloading
INFO:werkzeug: * Detected change in 'D:\\anaconda\\pkgs\\nbclassic-1.1.0-pyhd8ed1ab_0\\site-packages\\nbclassic\\serverextensions.py', reloading
INFO:werkzeug: * Detected change in 'D:\\anaconda\\pkgs\\nbclassic-1.1.0-pyhd8ed1ab_0\\site-packages\\nbclassic\\notebookapp.py', reloading
INFO:werkzeug: * Detected change in 'D:\\anaconda\\pkgs\\nbclassic-1.1.0-pyhd8ed1ab_0\\site-packages\\nbclassic\\extensions.py', reloading
INFO:werkzeug: * Detected change in 'D:\\anaconda\\pkgs\\nbclassic-1.1.0-pyhd8ed1ab_0\\site-packages\\nbclassic\\config_manager.py', reloading
INFO:werkzeug: * Detected change in 'D:\\anaconda\\pkgs\\nbclassic-1.1.0-pyhd8ed1ab_0\\site-packages\\nbclassic\\nbextensions.py', reloading
INFO:werkzeug: * Detected change in 'D:\\anaconda\\pkgs\\nbclassic-1.1.0-pyhd8ed1ab_0\\site-packages\\nbclassic\\shim_notebook.py', reloading
INFO:werkzeug: * Detected change in 'D:\\anaconda\\pkgs\\nbclassic-1.1.0-pyhd8ed1ab_0\\site-packages\\nbclassic\\serverextensions.py', reloading
INFO:werkzeug: * Detected change in 'D:\\anaconda\\pkgs\\certifi-2024.2.2-pyhd8ed1ab_0\\info\\test\\run_test.py', reloading
INFO:werkzeug: * Detected change in 'D:\\anaconda\\pkgs\\certifi-2024.2.2-pyhd8ed1ab_0\\site-packages\\certifi\\core.py', reloading
INFO:werkzeug: * Detected change in 'D:\\anaconda\\pkgs\\certifi-2024.2.2-pyhd8ed1ab_0\\site-packages\\certifi\\__main__.py', reloading
INFO:werkzeug: * Detected change in 'D:\\anaconda\\pkgs\\certifi-2024.2.2-pyhd8ed1ab_0\\site-packages\\certifi\\__init__.py', reloading
INFO:werkzeug: * Detected change in 'D:\\anaconda\\pkgs\\certifi-2024.2.2-pyhd8ed1ab_0\\site-packages\\certifi\\__main__.py', reloading
INFO:werkzeug: * Detected change in 'D:\\anaconda\\pkgs\\certifi-2024.2.2-pyhd8ed1ab_0\\site-packages\\certifi\\__main__.py', reloading
INFO:werkzeug: * Detected change in 'D:\\anaconda\\pkgs\\notebook-7.0.8-py311haa95532_0\\Lib\\site-packages\\notebook\\app.py', reloading
INFO:werkzeug: * Restarting with watchdog (windowsapi)
WARNING:werkzeug: * Debugger is active!
INFO:werkzeug: * Debugger PIN: 101-574-056
INFO:werkzeug: * Detected change in 'D:\\anaconda\\Tools\\demo\\beer.py', reloading
INFO:werkzeug: * Detected change in 'D:\\anaconda\\Tools\\demo\\life.py', reloading
INFO:werkzeug: * Detected change in 'D:\\anaconda\\Tools\\demo\\queens.py', reloading
INFO:werkzeug: * Detected change in 'D:\\anaconda\\Tools\\demo\\mcast.py', reloading
INFO:werkzeug: * Detected change in 'D:\\anaconda\\Tools\\demo\\hanoi.py', reloading
INFO:werkzeug: * Detected change in 'D:\\anaconda\\Tools\\demo\\markov.py', reloading
INFO:werkzeug: * Detected change in 'D:\\anaconda\\Tools\\demo\\redemo.py', reloading
INFO:werkzeug: * Detected change in 'D:\\anaconda\\Tools\\demo\\vector.py', reloading
INFO:werkzeug: * Detected change in 'D:\\anaconda\\Tools\\demo\\rpython.py', reloading
INFO:werkzeug: * Detected change in 'D:\\anaconda\\Tools\\demo\\eiffel.py', reloading
INFO:werkzeug: * Detected change in 'D:\\anaconda\\Tools\\scripts\\2to3.py', reloading
INFO:werkzeug: * Detected change in 'D:\\anaconda\\Tools\\scripts\\crlf.py', reloading
INFO:werkzeug: * Detected change in 'D:\\anaconda\\Tools\\scripts\\lll.py', reloading
INFO:werkzeug: * Detected change in 'D:\\anaconda\\Tools\\scripts\\diff.py', reloading
INFO:werkzeug: * Detected change in 'D:\\anaconda\\Tools\\demo\\sortvisu.py', reloading
INFO:werkzeug: * Detected change in 'D:\\anaconda\\Tools\\i18n\\makelocalealias.py', reloading
INFO:werkzeug: * Detected change in 'D:\\anaconda\\Tools\\demo\\spreadsheet.py', reloading
INFO:werkzeug: * Detected change in 'D:\\anaconda\\Tools\\scripts\\lfcr.py', reloading
INFO:werkzeug: * Detected change in 'D:\\anaconda\\Tools\\i18n\\msgfmt.py', reloading
INFO:werkzeug: * Detected change in 'D:\\anaconda\\Tools\\i18n\\pygettext.py', reloading
INFO:werkzeug: * Detected change in 'D:\\anaconda\\Tools\\demo\\rpythond.py', reloading
INFO:werkzeug: * Detected change in 'D:\\anaconda\\Tools\\scripts\\rgrep.py', reloading
INFO:werkzeug: * Detected change in 'D:\\anaconda\\Tools\\scripts\\byext.py', reloading
INFO:werkzeug: * Detected change in 'D:\\anaconda\\Tools\\scripts\\dutree.py', reloading
INFO:werkzeug: * Detected change in 'D:\\anaconda\\Tools\\scripts\\which.py', reloading
INFO:werkzeug: * Detected change in 'D:\\anaconda\\Tools\\scripts\\ndiff.py', reloading
INFO:werkzeug: * Detected change in 'D:\\anaconda\\Tools\\scripts\\pdeps.py', reloading
INFO:werkzeug: * Detected change in 'D:\\anaconda\\Tools\\scripts\\fixps.py', reloading
INFO:werkzeug: * Detected change in 'D:\\anaconda\\Tools\\scripts\\eptags.py', reloading
INFO:werkzeug: * Detected change in 'D:\\anaconda\\Tools\\scripts\\fixcid.py', reloading
INFO:werkzeug: * Detected change in 'D:\\anaconda\\Tools\\scripts\\ptags.py', reloading
INFO:werkzeug: * Detected change in 'D:\\anaconda\\Tools\\scripts\\ifdef.py', reloading
INFO:werkzeug: * Detected change in 'D:\\anaconda\\Tools\\scripts\\fixdiv.py', reloading
INFO:werkzeug: * Detected change in 'D:\\anaconda\\Tools\\scripts\\suff.py', reloading
INFO:werkzeug: * Detected change in 'D:\\anaconda\\Tools\\scripts\\google.py', reloading
INFO:werkzeug: * Detected change in 'D:\\anaconda\\Tools\\scripts\\mkreal.py', reloading
INFO:werkzeug: * Detected change in 'D:\\anaconda\\Tools\\scripts\\nm2def.py', reloading
INFO:werkzeug: * Detected change in 'D:\\anaconda\\Tools\\scripts\\md5sum.py', reloading
INFO:werkzeug: * Detected change in 'D:\\anaconda\\Tools\\scripts\\abitype.py', reloading
INFO:werkzeug: * Detected change in 'D:\\anaconda\\Tools\\scripts\\finddiv.py', reloading
INFO:werkzeug: * Detected change in 'D:\\anaconda\\Tools\\scripts\\smelly.py', reloading
INFO:werkzeug: * Detected change in 'D:\\anaconda\\Tools\\scripts\\checkpip.py', reloading
INFO:werkzeug: * Detected change in 'D:\\anaconda\\Tools\\scripts\\linktree.py', reloading
INFO:werkzeug: * Detected change in 'D:\\anaconda\\Tools\\scripts\\pindent.py', reloading
INFO:werkzeug: * Detected change in 'D:\\anaconda\\Tools\\scripts\\untabify.py', reloading
INFO:werkzeug: * Detected change in 'D:\\anaconda\\Tools\\scripts\\byteyears.py', reloading
INFO:werkzeug: * Detected change in 'D:\\anaconda\\Tools\\scripts\\pysource.py', reloading
INFO:werkzeug: * Detected change in 'D:\\anaconda\\Tools\\scripts\\db2pickle.py', reloading
INFO:werkzeug: * Detected change in 'D:\\anaconda\\Tools\\scripts\\reindent.py', reloading
INFO:werkzeug: * Detected change in 'D:\\anaconda\\Tools\\scripts\\pathfix.py', reloading
INFO:werkzeug: * Detected change in 'D:\\anaconda\\Tools\\scripts\\copytime.py', reloading
INFO:werkzeug: * Detected change in 'D:\\anaconda\\Tools\\scripts\\umarshal.py', reloading
INFO:werkzeug: * Detected change in 'D:\\anaconda\\Tools\\scripts\\pickle2db.py', reloading
INFO:werkzeug: * Detected change in 'D:\\anaconda\\Tools\\scripts\\fixnotice.py', reloading
INFO:werkzeug: * Detected change in 'D:\\anaconda\\Tools\\scripts\\find-uname.py', reloading
INFO:werkzeug: * Detected change in 'D:\\anaconda\\Tools\\scripts\\make_ctype.py', reloading
INFO:werkzeug: * Detected change in 'D:\\anaconda\\Tools\\scripts\\objgraph.py', reloading
INFO:werkzeug: * Detected change in 'D:\\anaconda\\Tools\\scripts\\run_tests.py', reloading
INFO:werkzeug: * Detected change in 'D:\\anaconda\\Tools\\scripts\\pydoc3.py', reloading
INFO:werkzeug: * Detected change in 'D:\\anaconda\\Tools\\scripts\\texi2html.py', reloading
INFO:werkzeug: * Detected change in 'D:\\anaconda\\Tools\\scripts\\highlight.py', reloading
INFO:werkzeug: * Detected change in 'D:\\anaconda\\Tools\\scripts\\findlinksto.py', reloading
INFO:werkzeug: * Detected change in 'D:\\anaconda\\Tools\\scripts\\patchcheck.py', reloading
INFO:werkzeug: * Detected change in 'D:\\anaconda\\Tools\\scripts\\startuptime.py', reloading
INFO:werkzeug: * Detected change in 'D:\\anaconda\\Tools\\scripts\\gprof2html.py', reloading
INFO:werkzeug: * Detected change in 'D:\\anaconda\\Tools\\scripts\\fixheader.py', reloading
INFO:werkzeug: * Detected change in 'D:\\anaconda\\Tools\\scripts\\deepfreeze.py', reloading
INFO:werkzeug: * Detected change in 'D:\\anaconda\\Tools\\scripts\\analyze_dxp.py', reloading
INFO:werkzeug: * Detected change in 'D:\\anaconda\\Tools\\scripts\\stable_abi.py', reloading
INFO:werkzeug: * Detected change in 'D:\\anaconda\\Tools\\scripts\\update_file.py', reloading
INFO:werkzeug: * Detected change in 'D:\\anaconda\\Tools\\scripts\\combinerefs.py', reloading
INFO:werkzeug: * Detected change in 'D:\\anaconda\\Tools\\scripts\\cleanfuture.py', reloading
INFO:werkzeug: * Detected change in 'D:\\anaconda\\Tools\\scripts\\findnocoding.py', reloading
INFO:werkzeug: * Detected change in 'D:\\anaconda\\Tools\\scripts\\generate_opcode_h.py', reloading
INFO:werkzeug: * Detected change in 'D:\\anaconda\\Tools\\scripts\\win_add2path.py', reloading
INFO:werkzeug: * Detected change in 'D:\\anaconda\\Tools\\scripts\\generate_token.py', reloading
INFO:werkzeug: * Detected change in 'D:\\anaconda\\Tools\\scripts\\generate_re_casefix.py', reloading
INFO:werkzeug: * Detected change in 'D:\\anaconda\\Tools\\scripts\\find_recursionlimit.py', reloading
INFO:werkzeug: * Detected change in 'D:\\anaconda\\Tools\\scripts\\pep384_macrocheck.py', reloading
INFO:werkzeug: * Detected change in 'D:\\anaconda\\Tools\\scripts\\summarize_stats.py', reloading
INFO:werkzeug: * Detected change in 'D:\\anaconda\\Tools\\scripts\\mailerdaemon.py', reloading
INFO:werkzeug: * Detected change in 'D:\\anaconda\\Tools\\scripts\\import_diagnostics.py', reloading
INFO:werkzeug: * Detected change in 'D:\\anaconda\\Tools\\scripts\\parseentities.py', reloading
INFO:werkzeug: * Detected change in 'D:\\anaconda\\Tools\\scripts\\reindent-rst.py', reloading
INFO:werkzeug: * Detected change in 'D:\\anaconda\\Tools\\scripts\\parse_html5_entities.py', reloading
INFO:werkzeug: * Detected change in 'D:\\anaconda\\Tools\\scripts\\freeze_modules.py', reloading
INFO:werkzeug: * Detected change in 'D:\\anaconda\\Tools\\scripts\\get-remote-certificate.py', reloading
INFO:werkzeug: * Detected change in 'D:\\anaconda\\Tools\\scripts\\generate_stdlib_module_names.py', reloading
INFO:werkzeug: * Detected change in 'D:\\anaconda\\Tools\\scripts\\generate_sre_constants.py', reloading
INFO:werkzeug: * Detected change in 'D:\\anaconda\\Tools\\scripts\\var_access_benchmark.py', reloading
INFO:werkzeug: * Detected change in 'D:\\anaconda\\cwp.py', reloading
INFO:werkzeug: * Detected change in 'D:\\anaconda\\Tools\\scripts\\generate_global_objects.py', reloading
INFO:werkzeug: * Detected change in 'D:\\anaconda\\Tools\\scripts\\verify_ensurepip_wheels.py', reloading
INFO:werkzeug: * Detected change in 'D:\\anaconda\\Library\\bin\\event_rpcgen.py', reloading
INFO:werkzeug: * Restarting with watchdog (windowsapi)
WARNING:werkzeug: * Debugger is active!
INFO:werkzeug: * Debugger PIN: 101-574-056
INFO:werkzeug: * Detected change in 'D:\\anaconda\\Library\\share\\arrow\\gdb\\gdb_arrow.py', reloading
INFO:werkzeug: * Restarting with watchdog (windowsapi)
WARNING:werkzeug: * Debugger is active!
INFO:werkzeug: * Debugger PIN: 101-574-056
INFO:werkzeug: * Detected change in 'D:\\anaconda\\Library\\mkspecs\\features\\uikit\\devices.py', reloading
INFO:werkzeug: * Detected change in 'D:\\anaconda\\Scripts\\jp.py', reloading
INFO:werkzeug: * Detected change in 'D:\\anaconda\\Scripts\\rst2s5.py', reloading
INFO:werkzeug: * Detected change in 'D:\\anaconda\\Scripts\\wsdump.py', reloading
INFO:werkzeug: * Detected change in 'D:\\anaconda\\Scripts\\rst2man.py', reloading
INFO:werkzeug: * Detected change in 'D:\\anaconda\\Scripts\\rst2odt.py', reloading
INFO:werkzeug: * Detected change in 'D:\\anaconda\\Scripts\\rst2xml.py', reloading
INFO:werkzeug: * Detected change in 'D:\\anaconda\\Scripts\\rst2html.py', reloading
INFO:werkzeug: * Detected change in 'D:\\anaconda\\Scripts\\cph-script.py', reloading
INFO:werkzeug: * Detected change in 'D:\\anaconda\\Scripts\\rst2html5.py', reloading
INFO:werkzeug: * Detected change in 'D:\\anaconda\\Scripts\\idle-script.py', reloading
INFO:werkzeug: * Detected change in 'D:\\anaconda\\Scripts\\f2py-script.py', reloading
INFO:werkzeug: * Detected change in 'D:\\anaconda\\Scripts\\rst2html4.py', reloading
INFO:werkzeug: * Detected change in 'D:\\anaconda\\Scripts\\ttx-script.py', reloading
INFO:werkzeug: * Detected change in 'D:\\anaconda\\Scripts\\mypy-script.py', reloading
INFO:werkzeug: * Detected change in 'D:\\anaconda\\Scripts\\jlpm-script.py', reloading
INFO:werkzeug: * Detected change in 'D:\\anaconda\\Scripts\\rst2latex.py', reloading
INFO:werkzeug: * Detected change in 'D:\\anaconda\\Scripts\\cftp-script.py', reloading
INFO:werkzeug: * Detected change in 'D:\\anaconda\\Scripts\\2to3-script.py', reloading
INFO:werkzeug: * Detected change in 'D:\\anaconda\\Scripts\\nltk-script.py', reloading
INFO:werkzeug: * Detected change in 'D:\\anaconda\\Scripts\\pip3-script.py', reloading
INFO:werkzeug: * Detected change in 'D:\\anaconda\\Scripts\\rstpep2html.py', reloading
INFO:werkzeug: * Detected change in 'D:\\anaconda\\Scripts\\yapf-script.py', reloading
INFO:werkzeug: * Detected change in 'D:\\anaconda\\Scripts\\pyct-script.py', reloading
INFO:werkzeug: * Detected change in 'D:\\anaconda\\Scripts\\conch-script.py', reloading
INFO:werkzeug: * Detected change in 'D:\\anaconda\\Scripts\\bokeh-script.py', reloading
INFO:werkzeug: * Detected change in 'D:\\anaconda\\Scripts\\mypyc-script.py', reloading
INFO:werkzeug: * Detected change in 'D:\\anaconda\\Scripts\\qtpy-script.py', reloading
INFO:werkzeug: * Detected change in 'D:\\anaconda\\Scripts\\isort-script.py', reloading
INFO:werkzeug: * Detected change in 'D:\\anaconda\\Scripts\\numba-script.py', reloading
INFO:werkzeug: * Detected change in 'D:\\anaconda\\Scripts\\tqdm-script.py', reloading
INFO:werkzeug: * Detected change in 'D:\\anaconda\\Scripts\\dmypy-script.py', reloading
INFO:werkzeug: * Detected change in 'D:\\anaconda\\Scripts\\panel-script.py', reloading
INFO:werkzeug: * Detected change in 'D:\\anaconda\\Scripts\\rst2xetex.py', reloading
INFO:werkzeug: * Detected change in 'D:\\anaconda\\Scripts\\pydoc-script.py', reloading
INFO:werkzeug: * Detected change in 'D:\\anaconda\\Scripts\\black-script.py', reloading
INFO:werkzeug: * Detected change in 'D:\\anaconda\\Scripts\\trial-script.py', reloading
INFO:werkzeug: * Detected change in 'D:\\anaconda\\Scripts\\wheel-script.py', reloading
INFO:werkzeug: * Detected change in 'D:\\anaconda\\Scripts\\flask-script.py', reloading
INFO:werkzeug: * Detected change in 'D:\\anaconda\\Scripts\\blackd-script.py', reloading
INFO:werkzeug: * Detected change in 'D:\\anaconda\\Scripts\\skivi-script.py', reloading
INFO:werkzeug: * Detected change in 'D:\\anaconda\\Scripts\\twist-script.py', reloading
INFO:werkzeug: * Detected change in 'D:\\anaconda\\Scripts\\dotenv-script.py', reloading
INFO:werkzeug: * Detected change in 'D:\\anaconda\\Scripts\\isympy-script.py', reloading
INFO:werkzeug: * Detected change in 'D:\\anaconda\\Scripts\\intake-script.py', reloading
INFO:werkzeug: * Detected change in 'D:\\anaconda\\Scripts\\pylsp-script.py', reloading
INFO:werkzeug: * Detected change in 'D:\\anaconda\\Scripts\\pt2to3-script.py', reloading
INFO:werkzeug: * Detected change in 'D:\\anaconda\\Scripts\\flake8-script.py', reloading
INFO:werkzeug: * Detected change in 'D:\\anaconda\\Scripts\\distro-script.py', reloading
INFO:werkzeug: * Detected change in 'D:\\anaconda\\Scripts\\pyuic5-script.py', reloading
INFO:werkzeug: * Detected change in 'D:\\anaconda\\Scripts\\scrapy-script.py', reloading
INFO:werkzeug: * Detected change in 'D:\\anaconda\\Scripts\\pytest-script.py', reloading
INFO:werkzeug: * Detected change in 'D:\\anaconda\\Scripts\\pttree-script.py', reloading
INFO:werkzeug: * Detected change in 'D:\\anaconda\\Scripts\\undill-script.py', reloading
INFO:werkzeug: * Detected change in 'D:\\anaconda\\Scripts\\twistd-script.py', reloading
INFO:werkzeug: * Detected change in 'D:\\anaconda\\Scripts\\cpuinfo-script.py', reloading
INFO:werkzeug: * Detected change in 'D:\\anaconda\\Scripts\\ptdump-script.py', reloading
INFO:werkzeug: * Detected change in 'D:\\anaconda\\Scripts\\rst2pseudoxml.py', reloading
INFO:werkzeug: * Detected change in 'D:\\anaconda\\Scripts\\keyring-script.py', reloading
INFO:werkzeug: * Detected change in 'D:\\anaconda\\Scripts\\volint-script.py', reloading
INFO:werkzeug: * Detected change in 'D:\\anaconda\\Scripts\\spyder-script.py', reloading
INFO:werkzeug: * Detected change in 'D:\\anaconda\\Scripts\\binstar-script.py', reloading
INFO:werkzeug: * Detected change in 'D:\\anaconda\\Scripts\\pybabel-script.py', reloading
INFO:werkzeug: * Detected change in 'D:\\anaconda\\Scripts\\epylint-script.py', reloading
INFO:werkzeug: * Detected change in 'D:\\anaconda\\Scripts\\ckeygen-script.py', reloading
INFO:werkzeug: * Detected change in 'D:\\anaconda\\Scripts\\anaconda-script.py', reloading
INFO:werkzeug: * Detected change in 'D:\\anaconda\\Scripts\\py.test-script.py', reloading
INFO:werkzeug: * Detected change in 'D:\\anaconda\\Scripts\\pyjson5-script.py', reloading
INFO:werkzeug: * Detected change in 'D:\\anaconda\\Scripts\\slugify-script.py', reloading
INFO:werkzeug: * Detected change in 'D:\\anaconda\\Scripts\\stubgen-script.py', reloading
INFO:werkzeug: * Detected change in 'D:\\anaconda\\Scripts\\pylint-script.py', reloading
INFO:werkzeug: * Detected change in 'D:\\anaconda\\Scripts\\tkconch-script.py', reloading
INFO:werkzeug: * Detected change in 'D:\\anaconda\\Scripts\\lsm2bin-script.py', reloading
INFO:werkzeug: * Detected change in 'D:\\anaconda\\Scripts\\jupyter-script.py', reloading
INFO:werkzeug: * Detected change in 'D:\\anaconda\\Scripts\\xlwings-script.py', reloading
INFO:werkzeug: * Detected change in 'D:\\anaconda\\Scripts\\wcslint-script.py', reloading
INFO:werkzeug: * Detected change in 'D:\\anaconda\\Scripts\\pkginfo-script.py', reloading
INFO:werkzeug: * Detected change in 'D:\\anaconda\\Scripts\\conda-env-script.py', reloading
INFO:werkzeug: * Detected change in 'D:\\anaconda\\Scripts\\symilar-script.py', reloading
INFO:werkzeug: * Detected change in 'D:\\anaconda\\Scripts\\archspec-script.py', reloading
INFO:werkzeug: * Detected change in 'D:\\anaconda\\Scripts\\fitsinfo-script.py', reloading
INFO:werkzeug: * Detected change in 'D:\\anaconda\\Scripts\\futurize-script.py', reloading
INFO:werkzeug: * Detected change in 'D:\\anaconda\\Scripts\\autopep8-script.py', reloading
INFO:werkzeug: * Detected change in 'D:\\anaconda\\Scripts\\pyflakes-script.py', reloading
INFO:werkzeug: * Detected change in 'D:\\anaconda\\Scripts\\mailmail-script.py', reloading
INFO:werkzeug: * Detected change in 'D:\\anaconda\\Scripts\\fitsdiff-script.py', reloading
INFO:werkzeug: * Detected change in 'D:\\anaconda\\Scripts\\stubtest-script.py', reloading
INFO:werkzeug: * Detected change in 'D:\\anaconda\\Scripts\\tabulate-script.py', reloading
INFO:werkzeug: * Detected change in 'D:\\anaconda\\Scripts\\samp_hub-script.py', reloading
INFO:werkzeug: * Detected change in 'D:\\anaconda\\Scripts\\tifffile-script.py', reloading
INFO:werkzeug: * Detected change in 'D:\\anaconda\\Scripts\\fonttools-script.py', reloading
INFO:werkzeug: * Detected change in 'D:\\anaconda\\Scripts\\dask-ssh-script.py', reloading
INFO:werkzeug: * Detected change in 'D:\\anaconda\\Scripts\\pyftmerge-script.py', reloading
INFO:werkzeug: * Detected change in 'D:\\anaconda\\Scripts\\pywin32_testall.py', reloading
INFO:werkzeug: * Detected change in 'D:\\anaconda\\Scripts\\colorcet-script.py', reloading
INFO:werkzeug: * Detected change in 'D:\\anaconda\\Scripts\\holoviews-script.py', reloading
INFO:werkzeug: * Detected change in 'D:\\anaconda\\Scripts\\showtable-script.py', reloading
INFO:werkzeug: * Detected change in 'D:\\anaconda\\Scripts\\sip-build-script.py', reloading
INFO:werkzeug: * Detected change in 'D:\\anaconda\\Scripts\\sip-wheel-script.py', reloading
INFO:werkzeug: * Detected change in 'D:\\anaconda\\Scripts\\sip-sdist-script.py', reloading
INFO:werkzeug: * Detected change in 'D:\\anaconda\\Scripts\\streamlit-script.py', reloading
INFO:werkzeug: * Detected change in 'D:\\anaconda\\Scripts\\conda-pack-script.py', reloading
INFO:werkzeug: * Detected change in 'D:\\anaconda\\Scripts\\unidecode-script.py', reloading
INFO:werkzeug: * Detected change in 'D:\\anaconda\\Scripts\\datashader-script.py', reloading
INFO:werkzeug: * Detected change in 'D:\\anaconda\\Scripts\\ptrepack-script.py', reloading
INFO:werkzeug: * Detected change in 'D:\\anaconda\\Scripts\\jsonschema-script.py', reloading
INFO:werkzeug: * Detected change in 'D:\\anaconda\\Scripts\\fitscheck-script.py', reloading
INFO:werkzeug: * Detected change in 'D:\\anaconda\\Scripts\\fitsheader-script.py', reloading
INFO:werkzeug: * Detected change in 'D:\\anaconda\\Scripts\\get_gprof-script.py', reloading
INFO:werkzeug: * Detected change in 'D:\\anaconda\\Scripts\\matplotlib-script.py', reloading
INFO:werkzeug: * Detected change in 'D:\\anaconda\\Scripts\\normalizer-script.py', reloading
INFO:werkzeug: * Detected change in 'D:\\anaconda\\Scripts\\chardetect-script.py', reloading
INFO:werkzeug: * Detected change in 'D:\\anaconda\\Scripts\\pydocstyle-script.py', reloading
INFO:werkzeug: * Detected change in 'D:\\anaconda\\Scripts\\watchmedo-script.py', reloading
INFO:werkzeug: * Detected change in 'D:\\anaconda\\Scripts\\pyftsubset-script.py', reloading
INFO:werkzeug: * Detected change in 'D:\\anaconda\\Scripts\\pygmentize-script.py', reloading
INFO:werkzeug: * Detected change in 'D:\\anaconda\\Scripts\\conda-repo-script.py', reloading
INFO:werkzeug: * Detected change in 'D:\\anaconda\\Scripts\\tldextract-script.py', reloading
INFO:werkzeug: * Detected change in 'D:\\anaconda\\Scripts\\pasteurize-script.py', reloading
INFO:werkzeug: * Detected change in 'D:\\anaconda\\Scripts\\pyreverse-script.py', reloading
INFO:werkzeug: * Detected change in 'D:\\anaconda\\Scripts\\dask-worker-script.py', reloading
INFO:werkzeug: * Detected change in 'D:\\anaconda\\Scripts\\pyhtmlizer-script.py', reloading
INFO:werkzeug: * Detected change in 'D:\\anaconda\\Scripts\\fits2bitmap-script.py', reloading
INFO:werkzeug: * Detected change in 'D:\\anaconda\\Scripts\\conda-debug-script.py', reloading
INFO:werkzeug: * Restarting with watchdog (windowsapi)
WARNING:werkzeug: * Debugger is active!
INFO:werkzeug: * Debugger PIN: 101-574-056
INFO:werkzeug:[31m[1mWARNING: This is a development server. Do not use it in a production deployment. Use a production WSGI server instead.[0m
 * Running on http://127.0.0.1:5000
INFO:werkzeug:[33mPress CTRL+C to quit[0m
INFO:werkzeug: * Restarting with watchdog (windowsapi)
WARNING:werkzeug: * Debugger is active!
INFO:werkzeug: * Debugger PIN: 101-574-056
INFO:werkzeug:[31m[1mWARNING: This is a development server. Do not use it in a production deployment. Use a production WSGI server instead.[0m
 * Running on http://127.0.0.1:5000
INFO:werkzeug:[33mPress CTRL+C to quit[0m
INFO:werkzeug: * Restarting with watchdog (windowsapi)
WARNING:werkzeug: * Debugger is active!
INFO:werkzeug: * Debugger PIN: 101-574-056
INFO:werkzeug: * Detected change in 'D:\\anaconda\\Lib\\sqlite3\\__init__.py', reloading
INFO:werkzeug: * Detected change in 'D:\\anaconda\\Lib\\ctypes\\__init__.py', reloading
INFO:werkzeug: * Restarting with watchdog (windowsapi)
WARNING:werkzeug: * Debugger is active!
INFO:werkzeug: * Debugger PIN: 101-574-056
INFO:werkzeug: * Detected change in 'D:\\×ÀÃæ\\llx\\fe\\access\\book.py', reloading
INFO:werkzeug: * Detected change in 'D:\\×ÀÃæ\\llx\\fe\\access\\book.py', reloading
INFO:werkzeug: * Detected change in 'D:\\×ÀÃæ\\llx\\fe\\access\\book.py', reloading
INFO:werkzeug: * Restarting with watchdog (windowsapi)
WARNING:werkzeug: * Debugger is active!
INFO:werkzeug: * Debugger PIN: 101-574-056
INFO:werkzeug: * Detected change in 'D:\\×ÀÃæ\\llx\\build\\lib\\fe\\access\\auth.py', reloading
INFO:werkzeug: * Detected change in 'D:\\×ÀÃæ\\llx\\build\\lib\\fe\\access\\auth.py', reloading
INFO:werkzeug: * Detected change in 'D:\\×ÀÃæ\\llx\\build\\lib\\fe\\access\\auth.py', reloading
INFO:werkzeug: * Detected change in 'D:\\×ÀÃæ\\llx\\build\\lib\\fe\\access\\auth.py', reloading
INFO:werkzeug: * Detected change in 'D:\\×ÀÃæ\\llx\\build\\lib\\fe\\access\\book.py', reloading
INFO:werkzeug: * Detected change in 'D:\\×ÀÃæ\\llx\\build\\lib\\fe\\access\\book.py', reloading
INFO:werkzeug: * Detected change in 'D:\\×ÀÃæ\\llx\\build\\lib\\fe\\access\\book.py', reloading
INFO:werkzeug: * Detected change in 'D:\\×ÀÃæ\\llx\\build\\lib\\fe\\access\\book.py', reloading
INFO:werkzeug: * Detected change in 'D:\\×ÀÃæ\\llx\\build\\lib\\fe\\bench\\workload.py', reloading
INFO:werkzeug: * Detected change in 'D:\\×ÀÃæ\\llx\\build\\lib\\fe\\bench\\workload.py', reloading
INFO:werkzeug: * Detected change in 'D:\\×ÀÃæ\\llx\\build\\lib\\fe\\bench\\workload.py', reloading
INFO:werkzeug: * Detected change in 'D:\\×ÀÃæ\\llx\\build\\lib\\fe\\bench\\workload.py', reloading
INFO:werkzeug: * Detected change in 'D:\\anaconda\\Lib\\logging\\__init__.py', reloading
INFO:werkzeug: * Detected change in 'D:\\anaconda\\Lib\\zipfile.py', reloading
INFO:werkzeug: * Restarting with watchdog (windowsapi)
WARNING:werkzeug: * Debugger is active!
INFO:werkzeug: * Debugger PIN: 101-574-056
INFO:werkzeug: * Detected change in 'D:\\anaconda\\Lib\\json\\__init__.py', reloading
INFO:werkzeug: * Restarting with watchdog (windowsapi)
WARNING:werkzeug: * Debugger is active!
INFO:werkzeug: * Debugger PIN: 101-574-056
INFO:werkzeug:[31m[1mWARNING: This is a development server. Do not use it in a production deployment. Use a production WSGI server instead.[0m
 * Running on http://127.0.0.1:5000
INFO:werkzeug:[33mPress CTRL+C to quit[0m
INFO:werkzeug: * Restarting with watchdog (windowsapi)
WARNING:werkzeug: * Debugger is active!
INFO:werkzeug: * Debugger PIN: 101-574-056
INFO:werkzeug: * Detected change in 'D:\\×ÀÃæ\\llx\\fe\\access\\auth.py', reloading
INFO:werkzeug: * Detected change in 'D:\\×ÀÃæ\\llx\\fe\\access\\auth.py', reloading
INFO:werkzeug: * Detected change in 'D:\\×ÀÃæ\\llx\\fe\\access\\auth.py', reloading
INFO:werkzeug: * Detected change in 'D:\\×ÀÃæ\\llx\\fe\\access\\auth.py', reloading
INFO:werkzeug: * Restarting with watchdog (windowsapi)
WARNING:werkzeug: * Debugger is active!
INFO:werkzeug: * Debugger PIN: 101-574-056
INFO:werkzeug: * Detected change in 'D:\\×ÀÃæ\\llx\\fe\\access\\auth.py', reloading
INFO:werkzeug: * Detected change in 'D:\\×ÀÃæ\\llx\\fe\\access\\auth.py', reloading
INFO:werkzeug: * Detected change in 'D:\\×ÀÃæ\\llx\\fe\\access\\auth.py', reloading
INFO:werkzeug: * Restarting with watchdog (windowsapi)
WARNING:werkzeug: * Debugger is active!
INFO:werkzeug: * Debugger PIN: 101-574-056
INFO:werkzeug: * Detected change in 'D:\\anaconda\\Lib\\site-packages\\conda\\__init__.py', reloading
INFO:werkzeug: * Detected change in 'D:\\anaconda\\Lib\\site-packages\\conda\\_version.py', reloading
INFO:werkzeug: * Detected change in 'D:\\anaconda\\Lib\\site-packages\\frozendict\\__init__.py', reloading
INFO:werkzeug: * Detected change in 'D:\\anaconda\\Lib\\site-packages\\frozendict\\_frozendict_py.py', reloading
INFO:werkzeug: * Detected change in 'D:\\anaconda\\Lib\\site-packages\\frozendict\\version.py', reloading
INFO:werkzeug: * Restarting with watchdog (windowsapi)
WARNING:werkzeug: * Debugger is active!
INFO:werkzeug: * Debugger PIN: 101-574-056
INFO:werkzeug: * Detected change in 'D:\\anaconda\\Lib\\site-packages\\conda\\cli\\main_env_config.py', reloading
INFO:werkzeug: * Detected change in 'D:\\anaconda\\Lib\\site-packages\\conda\\cli\\main_env_config.py', reloading
INFO:werkzeug: * Detected change in 'D:\\anaconda\\Lib\\site-packages\\conda\\cli\\main_env_create.py', reloading
INFO:werkzeug: * Detected change in 'D:\\anaconda\\Lib\\site-packages\\conda\\cli\\main_env_create.py', reloading
INFO:werkzeug: * Detected change in 'D:\\anaconda\\Lib\\site-packages\\conda\\cli\\main_env_list.py', reloading
INFO:werkzeug: * Detected change in 'D:\\anaconda\\Lib\\site-packages\\conda\\cli\\main_env_list.py', reloading
INFO:werkzeug: * Detected change in 'D:\\anaconda\\Lib\\site-packages\\conda\\cli\\main_env_remove.py', reloading
INFO:werkzeug: * Detected change in 'D:\\anaconda\\Lib\\site-packages\\conda\\cli\\main_env_remove.py', reloading
INFO:werkzeug: * Detected change in 'D:\\anaconda\\Lib\\site-packages\\archspec\\__init__.py', reloading
INFO:werkzeug: * Detected change in 'D:\\anaconda\\Lib\\site-packages\\archspec\\__init__.py', reloading
INFO:werkzeug: * Detected change in 'D:\\anaconda\\Lib\\site-packages\\conda\\cli\\main_env_update.py', reloading
INFO:werkzeug: * Detected change in 'D:\\anaconda\\Lib\\site-packages\\conda\\cli\\main_env_update.py', reloading
INFO:werkzeug: * Detected change in 'D:\\anaconda\\Lib\\site-packages\\conda\\cli\\main_env_vars.py', reloading
INFO:werkzeug: * Detected change in 'D:\\anaconda\\Lib\\site-packages\\conda\\cli\\main_env_vars.py', reloading
INFO:werkzeug: * Detected change in 'D:\\anaconda\\Lib\\site-packages\\archspec\\cpu\\__init__.py', reloading
INFO:werkzeug: * Detected change in 'D:\\anaconda\\Lib\\site-packages\\archspec\\cpu\\__init__.py', reloading
INFO:werkzeug: * Detected change in 'D:\\anaconda\\Lib\\site-packages\\archspec\\cpu\\detect.py', reloading
INFO:werkzeug: * Detected change in 'D:\\anaconda\\Lib\\site-packages\\archspec\\cpu\\detect.py', reloading
INFO:werkzeug: * Detected change in 'D:\\anaconda\\Lib\\site-packages\\archspec\\cpu\\microarchitecture.py', reloading
INFO:werkzeug: * Detected change in 'D:\\anaconda\\Lib\\site-packages\\archspec\\cpu\\microarchitecture.py', reloading
INFO:werkzeug: * Detected change in 'D:\\anaconda\\Lib\\site-packages\\archspec\\cpu\\alias.py', reloading
INFO:werkzeug: * Detected change in 'D:\\anaconda\\Lib\\site-packages\\archspec\\cpu\\alias.py', reloading
INFO:werkzeug: * Detected change in 'D:\\anaconda\\Lib\\site-packages\\archspec\\cpu\\schema.py', reloading
INFO:werkzeug: * Detected change in 'D:\\anaconda\\Lib\\site-packages\\archspec\\cpu\\schema.py', reloading
INFO:werkzeug: * Detected change in 'D:\\×ÀÃæ\\llx\\be\\model\\__init__.py', reloading
INFO:werkzeug: * Detected change in 'D:\\anaconda\\Lib\\site-packages\\conda\\cli\\install.py', reloading
INFO:werkzeug: * Detected change in 'D:\\anaconda\\Lib\\site-packages\\conda\\cli\\install.py', reloading
INFO:werkzeug: * Detected change in 'D:\\anaconda\\Lib\\site-packages\\conda\\misc.py', reloading
INFO:werkzeug: * Detected change in 'D:\\anaconda\\Lib\\site-packages\\conda\\misc.py', reloading
INFO:werkzeug: * Detected change in 'D:\\anaconda\\Lib\\site-packages\\conda\\plugins\\__init__.py', reloading
INFO:werkzeug: * Detected change in 'D:\\anaconda\\Lib\\site-packages\\conda\\plugins\\__init__.py', reloading
INFO:werkzeug: * Detected change in 'D:\\anaconda\\Lib\\site-packages\\conda\\plugins\\hookspec.py', reloading
INFO:werkzeug: * Detected change in 'D:\\anaconda\\Lib\\site-packages\\conda\\plugins\\hookspec.py', reloading
INFO:werkzeug: * Detected change in 'D:\\×ÀÃæ\\llx\\be\\model\\db_conn.py', reloading
INFO:werkzeug: * Restarting with watchdog (windowsapi)
WARNING:werkzeug: * Debugger is active!
INFO:werkzeug: * Debugger PIN: 101-574-056
INFO:werkzeug: * Detected change in 'D:\\anaconda\\Lib\\site-packages\\conda\\activate.py', reloading
INFO:werkzeug: * Restarting with watchdog (windowsapi)
WARNING:werkzeug: * Debugger is active!
INFO:werkzeug: * Debugger PIN: 101-574-056
INFO:werkzeug: * Detected change in 'D:\\×ÀÃæ\\llx\\be\\view\\auth.py', reloading
INFO:werkzeug: * Detected change in 'D:\\×ÀÃæ\\llx\\be\\auth.py', reloading
INFO:werkzeug: * Detected change in 'D:\\×ÀÃæ\\llx\\be\\view\\auth.py', reloading
INFO:werkzeug: * Detected change in 'D:\\×ÀÃæ\\llx\\be\\view\\auth.py', reloading
INFO:werkzeug: * Restarting with watchdog (windowsapi)
WARNING:werkzeug: * Debugger is active!
INFO:werkzeug: * Debugger PIN: 101-574-056
INFO:werkzeug: * Detected change in 'D:\\anaconda\\Lib\\http\\__init__.py', reloading
INFO:werkzeug: * Restarting with watchdog (windowsapi)
WARNING:werkzeug: * Debugger is active!
INFO:werkzeug: * Debugger PIN: 101-574-056
INFO:werkzeug: * Detected change in 'D:\\×ÀÃæ\\llx\\fe\\access\\auth.py', reloading
INFO:werkzeug: * Detected change in 'D:\\×ÀÃæ\\llx\\fe\\access\\auth.py', reloading
INFO:werkzeug: * Detected change in 'D:\\×ÀÃæ\\llx\\fe\\access\\auth.py', reloading
INFO:werkzeug: * Restarting with watchdog (windowsapi)
WARNING:werkzeug: * Debugger is active!
INFO:werkzeug: * Debugger PIN: 101-574-056
INFO:werkzeug:[31m[1mWARNING: This is a development server. Do not use it in a production deployment. Use a production WSGI server instead.[0m
 * Running on http://127.0.0.1:5000
INFO:werkzeug:[33mPress CTRL+C to quit[0m
INFO:werkzeug: * Restarting with watchdog (windowsapi)
WARNING:werkzeug: * Debugger is active!
INFO:werkzeug: * Debugger PIN: 101-574-056
INFO:werkzeug: * Detected change in 'D:\\anaconda\\Lib\\site-packages\\flask\\app.py', reloading
INFO:werkzeug: * Detected change in 'D:\\anaconda\\Lib\\site-packages\\flask\\sessions.py', reloading
INFO:werkzeug: * Detected change in 'D:\\anaconda\\Lib\\site-packages\\flask\\json\\tag.py', reloading
INFO:werkzeug: * Detected change in 'D:\\anaconda\\Lib\\site-packages\\flask\\config.py', reloading
INFO:werkzeug: * Restarting with watchdog (windowsapi)
WARNING:werkzeug: * Debugger is active!
INFO:werkzeug: * Debugger PIN: 101-574-056
INFO:werkzeug:[31m[1mWARNING: This is a development server. Do not use it in a production deployment. Use a production WSGI server instead.[0m
 * Running on http://127.0.0.1:5000
INFO:werkzeug:[33mPress CTRL+C to quit[0m
INFO:werkzeug:[31m[1mWARNING: This is a development server. Do not use it in a production deployment. Use a production WSGI server instead.[0m
 * Running on http://127.0.0.1:5000
INFO:werkzeug:[33mPress CTRL+C to quit[0m
INFO:werkzeug:[31m[1mWARNING: This is a development server. Do not use it in a production deployment. Use a production WSGI server instead.[0m
 * Running on http://127.0.0.1:5000
INFO:werkzeug:[33mPress CTRL+C to quit[0m
INFO:werkzeug:127.0.0.1 - - [24/Oct/2024 13:33:26] "POST /auth/register HTTP/1.1" 200 -
INFO:werkzeug:127.0.0.1 - - [24/Oct/2024 13:33:26] "POST /auth/register HTTP/1.1" 200 -
INFO:werkzeug:127.0.0.1 - - [24/Oct/2024 13:33:26] "POST /auth/unregister HTTP/1.1" 200 -
INFO:werkzeug:127.0.0.1 - - [24/Oct/2024 13:33:26] "POST /auth/register HTTP/1.1" 200 -
INFO:werkzeug:127.0.0.1 - - [24/Oct/2024 13:33:26] "[31m[1mPOST /auth/unregister HTTP/1.1[0m" 401 -
INFO:werkzeug:127.0.0.1 - - [24/Oct/2024 13:33:26] "[31m[1mPOST /auth/unregister HTTP/1.1[0m" 401 -
INFO:werkzeug:127.0.0.1 - - [24/Oct/2024 13:33:26] "POST /auth/register HTTP/1.1" 200 -
INFO:werkzeug:127.0.0.1 - - [24/Oct/2024 13:33:26] "[35m[1mPOST /auth/register HTTP/1.1[0m" 512 -
ERROR:be.serve:Exception on /shutdown [GET]
Traceback (most recent call last):
  File "D:\Python312\Lib\site-packages\flask\app.py", line 1473, in wsgi_app
    response = self.full_dispatch_request()
               ^^^^^^^^^^^^^^^^^^^^^^^^^^^^
  File "D:\Python312\Lib\site-packages\flask\app.py", line 882, in full_dispatch_request
    rv = self.handle_user_exception(e)
         ^^^^^^^^^^^^^^^^^^^^^^^^^^^^^
  File "D:\Python312\Lib\site-packages\flask\app.py", line 880, in full_dispatch_request
    rv = self.dispatch_request()
         ^^^^^^^^^^^^^^^^^^^^^^^
  File "D:\Python312\Lib\site-packages\flask\app.py", line 865, in dispatch_request
    return self.ensure_sync(self.view_functions[rule.endpoint])(**view_args)  # type: ignore[no-any-return]
           ^^^^^^^^^^^^^^^^^^^^^^^^^^^^^^^^^^^^^^^^^^^^^^^^^^^^^^^^^^^^^^^^^
  File "D:\×ÀÃæ\llx\be\serve.py", line 23, in be_shutdown
    shutdown_server()
  File "D:\×ÀÃæ\llx\be\serve.py", line 17, in shutdown_server
    raise RuntimeError("Not running with the Werkzeug Server")
RuntimeError: Not running with the Werkzeug Server
INFO:werkzeug:127.0.0.1 - - [24/Oct/2024 13:33:26] "[35m[1mGET /shutdown HTTP/1.1[0m" 500 -
INFO:werkzeug:[31m[1mWARNING: This is a development server. Do not use it in a production deployment. Use a production WSGI server instead.[0m
 * Running on http://127.0.0.1:5000
INFO:werkzeug:[33mPress CTRL+C to quit[0m
INFO:werkzeug:127.0.0.1 - - [24/Oct/2024 13:40:25] "POST /auth/register HTTP/1.1" 200 -
INFO:werkzeug:127.0.0.1 - - [24/Oct/2024 13:40:25] "POST /auth/register HTTP/1.1" 200 -
INFO:werkzeug:127.0.0.1 - - [24/Oct/2024 13:40:25] "POST /auth/unregister HTTP/1.1" 200 -
INFO:werkzeug:127.0.0.1 - - [24/Oct/2024 13:40:25] "POST /auth/register HTTP/1.1" 200 -
INFO:werkzeug:127.0.0.1 - - [24/Oct/2024 13:40:25] "[31m[1mPOST /auth/unregister HTTP/1.1[0m" 401 -
INFO:werkzeug:127.0.0.1 - - [24/Oct/2024 13:40:25] "[31m[1mPOST /auth/unregister HTTP/1.1[0m" 401 -
INFO:werkzeug:127.0.0.1 - - [24/Oct/2024 13:40:25] "POST /auth/register HTTP/1.1" 200 -
INFO:werkzeug:127.0.0.1 - - [24/Oct/2024 13:40:25] "[35m[1mPOST /auth/register HTTP/1.1[0m" 512 -
ERROR:be.serve:Exception on /shutdown [GET]
Traceback (most recent call last):
  File "D:\Python312\Lib\site-packages\flask\app.py", line 1473, in wsgi_app
    response = self.full_dispatch_request()
               ^^^^^^^^^^^^^^^^^^^^^^^^^^^^
  File "D:\Python312\Lib\site-packages\flask\app.py", line 882, in full_dispatch_request
    rv = self.handle_user_exception(e)
         ^^^^^^^^^^^^^^^^^^^^^^^^^^^^^
  File "D:\Python312\Lib\site-packages\flask\app.py", line 880, in full_dispatch_request
    rv = self.dispatch_request()
         ^^^^^^^^^^^^^^^^^^^^^^^
  File "D:\Python312\Lib\site-packages\flask\app.py", line 865, in dispatch_request
    return self.ensure_sync(self.view_functions[rule.endpoint])(**view_args)  # type: ignore[no-any-return]
           ^^^^^^^^^^^^^^^^^^^^^^^^^^^^^^^^^^^^^^^^^^^^^^^^^^^^^^^^^^^^^^^^^
  File "D:\×ÀÃæ\llx\be\serve.py", line 23, in be_shutdown
    shutdown_server()
  File "D:\×ÀÃæ\llx\be\serve.py", line 17, in shutdown_server
    raise RuntimeError("Not running with the Werkzeug Server")
RuntimeError: Not running with the Werkzeug Server
INFO:werkzeug:127.0.0.1 - - [24/Oct/2024 13:40:25] "[35m[1mGET /shutdown HTTP/1.1[0m" 500 -
INFO:werkzeug:[31m[1mWARNING: This is a development server. Do not use it in a production deployment. Use a production WSGI server instead.[0m
 * Running on http://127.0.0.1:5000
INFO:werkzeug:[33mPress CTRL+C to quit[0m
INFO:werkzeug:127.0.0.1 - - [24/Oct/2024 13:44:24] "POST /auth/register HTTP/1.1" 200 -
INFO:werkzeug:127.0.0.1 - - [24/Oct/2024 13:44:24] "POST /auth/password HTTP/1.1" 200 -
INFO:werkzeug:127.0.0.1 - - [24/Oct/2024 13:44:24] "[31m[1mPOST /auth/login HTTP/1.1[0m" 401 -
INFO:werkzeug:127.0.0.1 - - [24/Oct/2024 13:44:24] "POST /auth/login HTTP/1.1" 200 -
INFO:werkzeug:127.0.0.1 - - [24/Oct/2024 13:44:24] "POST /auth/logout HTTP/1.1" 200 -
INFO:werkzeug:127.0.0.1 - - [24/Oct/2024 13:44:25] "POST /auth/register HTTP/1.1" 200 -
INFO:werkzeug:127.0.0.1 - - [24/Oct/2024 13:44:25] "[31m[1mPOST /auth/password HTTP/1.1[0m" 401 -
INFO:werkzeug:127.0.0.1 - - [24/Oct/2024 13:44:25] "[31m[1mPOST /auth/login HTTP/1.1[0m" 401 -
INFO:werkzeug:127.0.0.1 - - [24/Oct/2024 13:44:25] "POST /auth/register HTTP/1.1" 200 -
INFO:werkzeug:127.0.0.1 - - [24/Oct/2024 13:44:25] "[31m[1mPOST /auth/password HTTP/1.1[0m" 401 -
INFO:werkzeug:127.0.0.1 - - [24/Oct/2024 13:44:25] "[31m[1mPOST /auth/login HTTP/1.1[0m" 401 -
ERROR:be.serve:Exception on /shutdown [GET]
Traceback (most recent call last):
  File "D:\Python312\Lib\site-packages\flask\app.py", line 1473, in wsgi_app
    response = self.full_dispatch_request()
               ^^^^^^^^^^^^^^^^^^^^^^^^^^^^
  File "D:\Python312\Lib\site-packages\flask\app.py", line 882, in full_dispatch_request
    rv = self.handle_user_exception(e)
         ^^^^^^^^^^^^^^^^^^^^^^^^^^^^^
  File "D:\Python312\Lib\site-packages\flask\app.py", line 880, in full_dispatch_request
    rv = self.dispatch_request()
         ^^^^^^^^^^^^^^^^^^^^^^^
  File "D:\Python312\Lib\site-packages\flask\app.py", line 865, in dispatch_request
    return self.ensure_sync(self.view_functions[rule.endpoint])(**view_args)  # type: ignore[no-any-return]
           ^^^^^^^^^^^^^^^^^^^^^^^^^^^^^^^^^^^^^^^^^^^^^^^^^^^^^^^^^^^^^^^^^
  File "D:\×ÀÃæ\llx\be\serve.py", line 23, in be_shutdown
    shutdown_server()
  File "D:\×ÀÃæ\llx\be\serve.py", line 17, in shutdown_server
    raise RuntimeError("Not running with the Werkzeug Server")
RuntimeError: Not running with the Werkzeug Server
INFO:werkzeug:127.0.0.1 - - [24/Oct/2024 13:44:25] "[35m[1mGET /shutdown HTTP/1.1[0m" 500 -
INFO:werkzeug:[31m[1mWARNING: This is a development server. Do not use it in a production deployment. Use a production WSGI server instead.[0m
 * Running on http://127.0.0.1:5000
INFO:werkzeug:[33mPress CTRL+C to quit[0m
INFO:werkzeug:127.0.0.1 - - [24/Oct/2024 13:46:08] "POST /auth/register HTTP/1.1" 200 -
INFO:werkzeug:127.0.0.1 - - [24/Oct/2024 13:46:08] "POST /auth/password HTTP/1.1" 200 -
INFO:werkzeug:127.0.0.1 - - [24/Oct/2024 13:46:08] "[31m[1mPOST /auth/login HTTP/1.1[0m" 401 -
INFO:werkzeug:127.0.0.1 - - [24/Oct/2024 13:46:08] "POST /auth/login HTTP/1.1" 200 -
INFO:werkzeug:127.0.0.1 - - [24/Oct/2024 13:46:08] "POST /auth/logout HTTP/1.1" 200 -
INFO:werkzeug:127.0.0.1 - - [24/Oct/2024 13:46:08] "POST /auth/register HTTP/1.1" 200 -
INFO:werkzeug:127.0.0.1 - - [24/Oct/2024 13:46:08] "[31m[1mPOST /auth/password HTTP/1.1[0m" 401 -
INFO:werkzeug:127.0.0.1 - - [24/Oct/2024 13:46:08] "[31m[1mPOST /auth/login HTTP/1.1[0m" 401 -
INFO:werkzeug:127.0.0.1 - - [24/Oct/2024 13:46:08] "POST /auth/register HTTP/1.1" 200 -
INFO:werkzeug:127.0.0.1 - - [24/Oct/2024 13:46:08] "[31m[1mPOST /auth/password HTTP/1.1[0m" 401 -
INFO:werkzeug:127.0.0.1 - - [24/Oct/2024 13:46:08] "[31m[1mPOST /auth/login HTTP/1.1[0m" 401 -
ERROR:be.serve:Exception on /shutdown [GET]
Traceback (most recent call last):
  File "D:\Python312\Lib\site-packages\flask\app.py", line 1473, in wsgi_app
    response = self.full_dispatch_request()
               ^^^^^^^^^^^^^^^^^^^^^^^^^^^^
  File "D:\Python312\Lib\site-packages\flask\app.py", line 882, in full_dispatch_request
    rv = self.handle_user_exception(e)
         ^^^^^^^^^^^^^^^^^^^^^^^^^^^^^
  File "D:\Python312\Lib\site-packages\flask\app.py", line 880, in full_dispatch_request
    rv = self.dispatch_request()
         ^^^^^^^^^^^^^^^^^^^^^^^
  File "D:\Python312\Lib\site-packages\flask\app.py", line 865, in dispatch_request
    return self.ensure_sync(self.view_functions[rule.endpoint])(**view_args)  # type: ignore[no-any-return]
           ^^^^^^^^^^^^^^^^^^^^^^^^^^^^^^^^^^^^^^^^^^^^^^^^^^^^^^^^^^^^^^^^^
  File "D:\×ÀÃæ\llx\be\serve.py", line 23, in be_shutdown
    shutdown_server()
  File "D:\×ÀÃæ\llx\be\serve.py", line 17, in shutdown_server
    raise RuntimeError("Not running with the Werkzeug Server")
RuntimeError: Not running with the Werkzeug Server
INFO:werkzeug:127.0.0.1 - - [24/Oct/2024 13:46:08] "[35m[1mGET /shutdown HTTP/1.1[0m" 500 -
INFO:werkzeug:[31m[1mWARNING: This is a development server. Do not use it in a production deployment. Use a production WSGI server instead.[0m
 * Running on http://127.0.0.1:5000
INFO:werkzeug:[33mPress CTRL+C to quit[0m
INFO:werkzeug:127.0.0.1 - - [24/Oct/2024 13:46:41] "POST /auth/register HTTP/1.1" 200 -
INFO:werkzeug:127.0.0.1 - - [24/Oct/2024 13:46:41] "POST /auth/password HTTP/1.1" 200 -
INFO:werkzeug:127.0.0.1 - - [24/Oct/2024 13:46:41] "[31m[1mPOST /auth/login HTTP/1.1[0m" 401 -
INFO:werkzeug:127.0.0.1 - - [24/Oct/2024 13:46:41] "POST /auth/login HTTP/1.1" 200 -
INFO:werkzeug:127.0.0.1 - - [24/Oct/2024 13:46:41] "POST /auth/logout HTTP/1.1" 200 -
INFO:werkzeug:127.0.0.1 - - [24/Oct/2024 13:46:41] "POST /auth/register HTTP/1.1" 200 -
INFO:werkzeug:127.0.0.1 - - [24/Oct/2024 13:46:41] "[31m[1mPOST /auth/password HTTP/1.1[0m" 401 -
INFO:werkzeug:127.0.0.1 - - [24/Oct/2024 13:46:41] "[31m[1mPOST /auth/login HTTP/1.1[0m" 401 -
INFO:werkzeug:127.0.0.1 - - [24/Oct/2024 13:46:41] "POST /auth/register HTTP/1.1" 200 -
INFO:werkzeug:127.0.0.1 - - [24/Oct/2024 13:46:41] "[31m[1mPOST /auth/password HTTP/1.1[0m" 401 -
INFO:werkzeug:127.0.0.1 - - [24/Oct/2024 13:46:41] "[31m[1mPOST /auth/login HTTP/1.1[0m" 401 -
ERROR:be.serve:Exception on /shutdown [GET]
Traceback (most recent call last):
  File "D:\Python312\Lib\site-packages\flask\app.py", line 1473, in wsgi_app
    response = self.full_dispatch_request()
               ^^^^^^^^^^^^^^^^^^^^^^^^^^^^
  File "D:\Python312\Lib\site-packages\flask\app.py", line 882, in full_dispatch_request
    rv = self.handle_user_exception(e)
         ^^^^^^^^^^^^^^^^^^^^^^^^^^^^^
  File "D:\Python312\Lib\site-packages\flask\app.py", line 880, in full_dispatch_request
    rv = self.dispatch_request()
         ^^^^^^^^^^^^^^^^^^^^^^^
  File "D:\Python312\Lib\site-packages\flask\app.py", line 865, in dispatch_request
    return self.ensure_sync(self.view_functions[rule.endpoint])(**view_args)  # type: ignore[no-any-return]
           ^^^^^^^^^^^^^^^^^^^^^^^^^^^^^^^^^^^^^^^^^^^^^^^^^^^^^^^^^^^^^^^^^
  File "D:\×ÀÃæ\llx\be\serve.py", line 23, in be_shutdown
    shutdown_server()
  File "D:\×ÀÃæ\llx\be\serve.py", line 17, in shutdown_server
    raise RuntimeError("Not running with the Werkzeug Server")
RuntimeError: Not running with the Werkzeug Server
INFO:werkzeug:127.0.0.1 - - [24/Oct/2024 13:46:41] "[35m[1mGET /shutdown HTTP/1.1[0m" 500 -
